// Jest Snapshot v1, https://goo.gl/fbAQLP

exports[`renders correctly 1`] = `
[
  <RCTScrollView
    style={
      [
        {
          "backgroundColor": "white",
          "height": "100%",
        },
      ]
    }
  >
    <View>
      <Text
        style={
          [
            {
              "color": "rgb(38, 38, 38)",
              "fontFamily": "Montserrat-Bold",
              "fontSize": 24,
              "marginBottom": 20,
              "marginLeft": 20,
              "marginRight": 20,
              "marginTop": 30,
              "paddingBottom": 18,
              "paddingLeft": 18,
              "paddingRight": 18,
              "paddingTop": 18,
              "textAlign": "center",
            },
          ]
        }
      >
        What muscle group do you want to target?
      </Text>
      <View>
        <View>
          <View
            accessibilityState={
              {
                "busy": undefined,
                "checked": undefined,
                "disabled": undefined,
                "expanded": undefined,
                "selected": undefined,
              }
            }
            accessibilityValue={
              {
                "max": undefined,
                "min": undefined,
                "now": undefined,
                "text": undefined,
              }
            }
            accessible={true}
            collapsable={false}
            focusable={true}
            onClick={[Function]}
            onResponderGrant={[Function]}
            onResponderMove={[Function]}
            onResponderRelease={[Function]}
            onResponderTerminate={[Function]}
            onResponderTerminationRequest={[Function]}
            onStartShouldSetResponder={[Function]}
            style={
              {
                "borderColor": "rgb(230, 230, 230)",
                "borderRadius": 10,
                "borderWidth": 2,
                "flexDirection": "row",
                "justifyContent": "space-between",
                "marginBottom": 10,
                "marginLeft": 20,
                "marginRight": 20,
                "opacity": 1,
                "paddingHorizontal": 20,
                "paddingVertical": 12,
              }
            }
          >
            <Text
              style={
                [
                  {
                    "fontFamily": undefined,
                  },
                  undefined,
                ]
              }
            >
              Select option
            </Text>
            <Image
              resizeMode="contain"
              source={
                {
                  "testUri": "../../../assets/images/chevron.png",
                }
              }
              style={
                {
                  "height": 20,
                  "width": 20,
                }
              }
            />
          </View>
        </View>
      </View>
    </View>
  </RCTScrollView>,
  <View
    style={
      [
        {
          "backgroundColor": "white",
          "bottom": 0,
          "position": "absolute",
          "width": "100%",
        },
      ]
    }
  >
    <View
      accessibilityState={
        {
          "busy": undefined,
          "checked": undefined,
          "disabled": undefined,
          "expanded": undefined,
          "selected": undefined,
        }
      }
      accessibilityValue={
        {
          "max": undefined,
          "min": undefined,
          "now": undefined,
          "text": undefined,
        }
      }
      accessible={true}
      collapsable={false}
      focusable={true}
      onClick={[Function]}
      onResponderGrant={[Function]}
      onResponderMove={[Function]}
      onResponderRelease={[Function]}
      onResponderTerminate={[Function]}
      onResponderTerminationRequest={[Function]}
      onStartShouldSetResponder={[Function]}
      style={
        {
          "fontSize": 24,
          "opacity": 1,
          "paddingBottom": 10,
          "paddingLeft": 10,
          "paddingRight": 10,
          "paddingTop": 10,
        }
      }
    >
      <Text
        style={
          [
            {
              "borderColor": "rgb(230, 230, 230)",
              "borderRadius": 15,
              "borderStyle": "solid",
              "borderWidth": 2,
              "color": "rgb(38, 38, 38)",
              "fontFamily": "Montserrat-Regular",
              "fontSize": 24,
              "marginLeft": 10,
              "marginRight": 10,
              "paddingBottom": 10,
              "paddingLeft": 10,
              "paddingRight": 10,
              "paddingTop": 10,
              "textAlign": "center",
            },
          ]
        }
      >
        Next
      </Text>
    </View>
  </View>,
]
`;
